// Jest Snapshot v1, https://goo.gl/fbAQLP

exports[`show subtasks should be able to change collapse settings: 8TNRrm8bI9ndz4jrhYC492luGNhtMTmZ-err 1`] = `Array []`;

exports[`show subtasks should be able to change collapse settings: 8TNRrm8bI9ndz4jrhYC492luGNhtMTmZ-exit 1`] = `Array []`;

exports[`show subtasks should be able to change collapse settings: 8TNRrm8bI9ndz4jrhYC492luGNhtMTmZ-out 1`] = `Array []`;

exports[`show subtasks should be able to change concurrency setting in subtask, second subtask should finish first: 3ygUxrTkCDLDfDrXzF1ocWR6626jaL0k-err 1`] = `Array []`;

exports[`show subtasks should be able to change concurrency setting in subtask, second subtask should finish first: 3ygUxrTkCDLDfDrXzF1ocWR6626jaL0k-exit 1`] = `Array []`;

exports[`show subtasks should be able to change concurrency setting in subtask, second subtask should finish first: 3ygUxrTkCDLDfDrXzF1ocWR6626jaL0k-out 1`] = `Array []`;

exports[`show subtasks should be able to change exit on error: 12ttDlnth5pr1YuJEnfXm3I2CzRbcFlY-err 1`] = `Array []`;

exports[`show subtasks should be able to change exit on error: 12ttDlnth5pr1YuJEnfXm3I2CzRbcFlY-exit 1`] = `Array []`;

exports[`show subtasks should be able to change exit on error: 12ttDlnth5pr1YuJEnfXm3I2CzRbcFlY-out 1`] = `Array []`;

exports[`show subtasks should be able to render subtasks with no title with correct indentation: 9VMxFnaAKNjetcT1a9gLgN0dnasB7BRc-err 1`] = `Array []`;

exports[`show subtasks should be able to render subtasks with no title with correct indentation: 9VMxFnaAKNjetcT1a9gLgN0dnasB7BRc-exit 1`] = `Array []`;

exports[`show subtasks should be able to render subtasks with no title with correct indentation: 9VMxFnaAKNjetcT1a9gLgN0dnasB7BRc-out 1`] = `Array []`;

exports[`show subtasks should create a set of subtasks: JQYWVb3x1scokQK2IzhwA4F0qxWbYzXR-err 1`] = `
Array [
  Array [
    "[?25l",
  ],
  Array [
    "[?25h",
  ],
]
`;

exports[`show subtasks should create a set of subtasks: JQYWVb3x1scokQK2IzhwA4F0qxWbYzXR-exit 1`] = `Array []`;

exports[`show subtasks should create a set of subtasks: JQYWVb3x1scokQK2IzhwA4F0qxWbYzXR-out 1`] = `
Array [
  Array [
    "[?25l",
  ],
  Array [
    "‚óº This task will execute.
",
  ],
  Array [
    "[2K[1A[2K[G",
  ],
  Array [
    "‚óº This task will execute.
",
  ],
  Array [
    "[2K[1A[2K[G",
  ],
  Array [
    "‚ùØ This task will execute.
",
  ],
  Array [
    "[2K[1A[2K[G",
  ],
  Array [
    "‚ùØ This task will execute.
",
  ],
  Array [
    "[2K[1A[2K[G",
  ],
  Array [
    "‚ùØ This task will execute.
  ‚óº This is a subtask.
",
  ],
  Array [
    "[2K[1A[2K[1A[2K[G",
  ],
  Array [
    "‚ùØ This task will execute.
  ‚óº This is a subtask.
  ‚óº This is a subtask.
",
  ],
  Array [
    "[2K[1A[2K[1A[2K[1A[2K[G",
  ],
  Array [
    "‚ùØ This task will execute.
  ‚óº This is a subtask.
  ‚óº This is a subtask.
",
  ],
  Array [
    "[2K[1A[2K[1A[2K[1A[2K[G",
  ],
  Array [
    "‚ùØ This task will execute.
  ‚óº This is a subtask.
  ‚óº This is a subtask.
",
  ],
  Array [
    "[2K[1A[2K[1A[2K[1A[2K[G",
  ],
  Array [
    "‚ùØ This task will execute.
  ‚ùØ This is a subtask.
  ‚óº This is a subtask.
",
  ],
  Array [
    "[2K[1A[2K[1A[2K[1A[2K[G",
  ],
  Array [
    "‚ùØ This task will execute.
  ‚ùØ This is a subtask.
  ‚óº This is a subtask.
",
  ],
  Array [
    "[2K[1A[2K[1A[2K[1A[2K[G",
  ],
  Array [
    "‚ùØ This task will execute.
  ‚úî This is a subtask.
  ‚óº This is a subtask.
",
  ],
  Array [
    "[2K[1A[2K[1A[2K[1A[2K[G",
  ],
  Array [
    "‚ùØ This task will execute.
  ‚úî This is a subtask.
  ‚óº This is a subtask.
",
  ],
  Array [
    "[2K[1A[2K[1A[2K[1A[2K[G",
  ],
  Array [
    "‚ùØ This task will execute.
  ‚úî This is a subtask.
  ‚ùØ This is a subtask.
",
  ],
  Array [
    "[2K[1A[2K[1A[2K[1A[2K[G",
  ],
  Array [
    "‚ùØ This task will execute.
  ‚úî This is a subtask.
  ‚ùØ This is a subtask.
",
  ],
  Array [
    "[2K[1A[2K[1A[2K[1A[2K[G",
  ],
  Array [
    "‚ùØ This task will execute.
  ‚úî This is a subtask.
  ‚úî This is a subtask.
",
  ],
  Array [
    "[2K[1A[2K[1A[2K[1A[2K[G",
  ],
  Array [
    "‚ùØ This task will execute.
  ‚úî This is a subtask.
  ‚úî This is a subtask.
",
  ],
  Array [
    "[2K[1A[2K[1A[2K[1A[2K[G",
  ],
  Array [
    "‚úî This task will execute.
",
  ],
  Array [
    "[?25h",
  ],
]
`;

exports[`show subtasks should output the task error in parent task with collapseErrors: true and show subtasks: false: oGL7rWlMEOEDNqOOFgj2R9ilvahlLAuR-err 1`] = `Array []`;

exports[`show subtasks should output the task error in parent task with collapseErrors: true and show subtasks: false: oGL7rWlMEOEDNqOOFgj2R9ilvahlLAuR-exit 1`] = `Array []`;

exports[`show subtasks should output the task error in parent task with collapseErrors: true and show subtasks: false: oGL7rWlMEOEDNqOOFgj2R9ilvahlLAuR-out 1`] = `Array []`;

exports[`show subtasks should output the task error in parent task with: collapseErrors: false showsubtasks: true: bcaTpU40igebiNC4Koho5ObSuJxhYPsJ-err 1`] = `Array []`;

exports[`show subtasks should output the task error in parent task with: collapseErrors: false showsubtasks: true: bcaTpU40igebiNC4Koho5ObSuJxhYPsJ-exit 1`] = `Array []`;

exports[`show subtasks should output the task error in parent task with: collapseErrors: false showsubtasks: true: bcaTpU40igebiNC4Koho5ObSuJxhYPsJ-out 1`] = `Array []`;

exports[`show subtasks should output the task error in parent task with: collapseErrors: true showsubtasks: true: bcaTpU40igebiNC4Koho5ObSuJxhYPsJ-err 1`] = `Array []`;

exports[`show subtasks should output the task error in parent task with: collapseErrors: true showsubtasks: true: bcaTpU40igebiNC4Koho5ObSuJxhYPsJ-exit 1`] = `Array []`;

exports[`show subtasks should output the task error in parent task with: collapseErrors: true showsubtasks: true: bcaTpU40igebiNC4Koho5ObSuJxhYPsJ-out 1`] = `Array []`;
