// Jest Snapshot v1, https://goo.gl/fbAQLP

exports[`show retry should retry the main task if any of the subtasks fail: R34CKurUXSpq65S8ebD6jpUrwmIiYrKa-err 1`] = `
Array [
  Array [
    "[?25l",
  ],
  Array [
    "[?25h",
  ],
]
`;

exports[`show retry should retry the main task if any of the subtasks fail: R34CKurUXSpq65S8ebD6jpUrwmIiYrKa-exit 1`] = `Array []`;

exports[`show retry should retry the main task if any of the subtasks fail: R34CKurUXSpq65S8ebD6jpUrwmIiYrKa-out 1`] = `
Array [
  Array [
    "[?25l",
  ],
  Array [
    "‚óº Some type errors
",
  ],
  Array [
    "[2K[1A[2K[G",
  ],
  Array [
    "‚óº Some type errors
",
  ],
  Array [
    "[2K[1A[2K[G",
  ],
  Array [
    "‚ùØ Some type errors
",
  ],
  Array [
    "[2K[1A[2K[G",
  ],
  Array [
    "‚ùØ Some type errors
  ‚Ä∫ test
",
  ],
  Array [
    "[2K[1A[2K[1A[2K[G",
  ],
  Array [
    "‚ùØ Some type errors
  ‚Ä∫ test
",
  ],
  Array [
    "[2K[1A[2K[1A[2K[G",
  ],
  Array [
    "‚ùØ Some type errors
  ‚Ä∫ test
",
  ],
  Array [
    "[2K[1A[2K[1A[2K[G",
  ],
  Array [
    "‚ùØ Some type errors
",
  ],
  Array [
    "[2K[1A[2K[G",
  ],
  Array [
    "‚ùØ Some type errors
",
  ],
  Array [
    "[2K[1A[2K[G",
  ],
  Array [
    "‚ö† Some type errors [RETRYING-1]
",
  ],
  Array [
    "[2K[1A[2K[G",
  ],
  Array [
    "‚ö† Some type errors [RETRYING-1]
  ‚Ä∫ test
",
  ],
  Array [
    "[2K[1A[2K[1A[2K[G",
  ],
  Array [
    "‚ö† Some type errors [RETRYING-1]
  ‚Ä∫ I am self aware that I am retrying for the 1th time.
",
  ],
  Array [
    "[2K[1A[2K[1A[2K[G",
  ],
  Array [
    "‚ö† Some type errors [RETRYING-2]
  ‚Ä∫ I am self aware that I am retrying for the 1th time.
",
  ],
  Array [
    "[2K[1A[2K[1A[2K[G",
  ],
  Array [
    "‚ö† Some type errors [RETRYING-2]
  ‚Ä∫ I am self aware that I am retrying for the 1th time.
",
  ],
  Array [
    "[2K[1A[2K[1A[2K[G",
  ],
  Array [
    "‚ö† Some type errors [RETRYING-2]
",
  ],
  Array [
    "[2K[1A[2K[G",
  ],
  Array [
    "‚ö† Some type errors [RETRYING-2]
",
  ],
  Array [
    "[2K[1A[2K[G",
  ],
  Array [
    "‚ö† Some type errors [RETRYING-2]
",
  ],
  Array [
    "[2K[1A[2K[G",
  ],
  Array [
    "‚ö† Some type errors [RETRYING-2]
  ‚Ä∫ test
",
  ],
  Array [
    "[2K[1A[2K[1A[2K[G",
  ],
  Array [
    "‚ö† Some type errors [RETRYING-2]
  ‚Ä∫ I am self aware that I am retrying for the 2th time.
",
  ],
  Array [
    "[2K[1A[2K[1A[2K[G",
  ],
  Array [
    "‚ö† Some type errors [RETRYING-3]
  ‚Ä∫ I am self aware that I am retrying for the 2th time.
",
  ],
  Array [
    "[2K[1A[2K[1A[2K[G",
  ],
  Array [
    "‚ö† Some type errors [RETRYING-3]
  ‚Ä∫ I am self aware that I am retrying for the 2th time.
",
  ],
  Array [
    "[2K[1A[2K[1A[2K[G",
  ],
  Array [
    "‚ö† Some type errors [RETRYING-3]
",
  ],
  Array [
    "[2K[1A[2K[G",
  ],
  Array [
    "‚ö† Some type errors [RETRYING-3]
",
  ],
  Array [
    "[2K[1A[2K[G",
  ],
  Array [
    "‚ö† Some type errors [RETRYING-3]
",
  ],
  Array [
    "[2K[1A[2K[G",
  ],
  Array [
    "‚ö† Some type errors [RETRYING-3]
  ‚Ä∫ test
",
  ],
  Array [
    "[2K[1A[2K[1A[2K[G",
  ],
  Array [
    "‚ö† Some type errors [RETRYING-3]
  ‚Ä∫ I am self aware that I am retrying for the 3th time.
",
  ],
  Array [
    "[2K[1A[2K[1A[2K[G",
  ],
  Array [
    "‚úñ This type can not be assigned to type with, oh noes
",
  ],
  Array [
    "[?25h",
  ],
]
`;

exports[`show retry should stop retrying if the task succeeds afterwards 1`] = `Array []`;

exports[`show retry should stop retrying if the task succeeds afterwards 2`] = `Array []`;

exports[`show retry should stop retrying if the task succeeds afterwards 3`] = `Array []`;
