// Jest Snapshot v1, https://goo.gl/fbAQLP

exports[`show throw error should change exit on error per subtask: HUHzWgxW8O1FGgEisITyBb2eDKzmyhUO-err 1`] = `Array []`;

exports[`show throw error should change exit on error per subtask: HUHzWgxW8O1FGgEisITyBb2eDKzmyhUO-exit 1`] = `Array []`;

exports[`show throw error should change exit on error per subtask: HUHzWgxW8O1FGgEisITyBb2eDKzmyhUO-out 1`] = `Array []`;

exports[`show throw error should contain errors from failed tasks: H2KTg7q5F1kWMtrPFdOERVSZc3UT2IsM 1`] = `
Array [
  [ListrError: I will exit on error since I am a direct child of parent task.],
]
`;

exports[`show throw error should not throw out an error when exitonerror is disabled: OgQG0pbo8qgn5ZD8TLdlzM3HnnnYoozl-err 1`] = `Array []`;

exports[`show throw error should not throw out an error when exitonerror is disabled: OgQG0pbo8qgn5ZD8TLdlzM3HnnnYoozl-exit 1`] = `Array []`;

exports[`show throw error should not throw out an error when exitonerror is disabled: OgQG0pbo8qgn5ZD8TLdlzM3HnnnYoozl-out 1`] = `Array []`;

exports[`show throw error should show the default task title when failed with showErrorMessage of: lnjpjmnHOxRSKy9J6YCMtqSAsVkHC3mH-err 1`] = `Array []`;

exports[`show throw error should show the default task title when failed with showErrorMessage of: lnjpjmnHOxRSKy9J6YCMtqSAsVkHC3mH-exit 1`] = `Array []`;

exports[`show throw error should show the default task title when failed with showErrorMessage of: lnjpjmnHOxRSKy9J6YCMtqSAsVkHC3mH-out 1`] = `Array []`;

exports[`show throw error should throw out an error in the data field with collapse errors false: 03IyrStkPGQBIcbYM0HQXoYQxDEVZu8H-err 1`] = `Array []`;

exports[`show throw error should throw out an error in the data field with collapse errors false: 03IyrStkPGQBIcbYM0HQXoYQxDEVZu8H-exit 1`] = `Array []`;

exports[`show throw error should throw out an error in the data field with collapse errors false: 03IyrStkPGQBIcbYM0HQXoYQxDEVZu8H-out 1`] = `Array []`;

exports[`show throw error should throw out an error: vxSr6uKuGeO4iX7r2j2Uo9SYlXRhz6nf-err 1`] = `
Array [
  Array [
    "[?25l",
  ],
  Array [
    "[?25h",
  ],
]
`;

exports[`show throw error should throw out an error: vxSr6uKuGeO4iX7r2j2Uo9SYlXRhz6nf-exit 1`] = `Array []`;

exports[`show throw error should throw out an error: vxSr6uKuGeO4iX7r2j2Uo9SYlXRhz6nf-out 1`] = `
Array [
  Array [
    "[?25l",
  ],
  Array [
    "‚óº This task will fail.
",
  ],
  Array [
    "[2K[1A[2K[G",
  ],
  Array [
    "‚óº This task will fail.
‚óº This task will never execute.
",
  ],
  Array [
    "[2K[1A[2K[1A[2K[G",
  ],
  Array [
    "‚óº This task will fail.
‚óº This task will never execute.
",
  ],
  Array [
    "[2K[1A[2K[1A[2K[G",
  ],
  Array [
    "‚óº This task will fail.
‚óº This task will never execute.
",
  ],
  Array [
    "[2K[1A[2K[1A[2K[G",
  ],
  Array [
    "‚ùØ This task will fail.
‚óº This task will never execute.
",
  ],
  Array [
    "[2K[1A[2K[1A[2K[G",
  ],
  Array [
    "‚úñ This task will fail.
‚óº This task will never execute.
",
  ],
  Array [
    "[2K[1A[2K[G",
  ],
  Array [
    "‚óº This task will never execute.
",
  ],
  Array [
    "[2K[1A[2K[G",
  ],
  Array [
    "‚óº This task will never execute.
",
  ],
  Array [
    "[?25h",
  ],
]
`;
